$ next build
  ▲ Next.js 14.2.35

   Creating an optimized production build ...
 ✓ Compiled successfully
   Linting and checking validity of types     ✓ Linting and checking validity of types 
   Collecting page data     ✓ Collecting page data 
 ✓ Generating static pages (11/11)
   Collecting build traces     ✓ Collecting build traces 
   Finalizing page optimization     ✓ Finalizing page optimization 

Route (app)                              Size     First Load JS
┌ ○ /                                    2.65 kB         132 kB
├ ○ /_not-found                          871 B          88.2 kB
├ ○ /categories                          4.74 kB         134 kB
├ ○ /features                            5.09 kB         135 kB
├ ○ /inventory                           5.11 kB         135 kB
├ ○ /login                               25.6 kB         147 kB
├ ○ /orders                              6.24 kB         136 kB
├ ○ /products                            6.86 kB         136 kB
└ ○ /settings                            4.93 kB         134 kB
+ First Load JS shared by all            87.3 kB
  ├ chunks/513-3efbc5535df6534f.js       31.7 kB
  ├ chunks/6f1030b3-6ea1cc437aaa43fd.js  53.6 kB
  └ other shared chunks (total)          1.96 kB


○  (Static)  prerendered as static content

